0i
0i
-2i
-8i
0.000000f
0.000000f
-2.000000f
-8.000000f
2.500000f
